DEBUG tests/client_tests.c:92: ----- RUNNING ./tests/client_tests
DEBUG tests/client_tests.c:86: 
----- test_server_open_close
DEBUG tests/client_tests.c:24: continuing after fork in parent process: pid 18142
DEBUG tests/client_tests.c:18: starting server in child process: pid 0
DEBUG lib/sockhelplib.c:223: listening on socket
DEBUG lib/sockhelplib.c:239: accepting connection
DEBUG tests/client_tests.c:37: Ok, killing in parrent - child pid 18142
DEBUG tests/client_tests.c:87: 
----- test_server_send_message
DEBUG tests/client_tests.c:24: continuing after fork in parent process: pid 18162
DEBUG tests/client_tests.c:18: starting server in child process: pid 0
DEBUG lib/sockhelplib.c:223: listening on socket
DEBUG lib/sockhelplib.c:239: accepting connection
DEBUG lib/sockhelplib.c:124: writing to socket
DEBUG lib/sockhelplib.c:244: Client connected.

DEBUG lib/sockhelplib.c:247: Client sin_family: AF_INET
DEBUG lib/sockhelplib.c:128: 6 bytes written
DEBUG lib/sockhelplib.c:248: Client port: 40048
DEBUG lib/sockhelplib.c:250: Client s_addr: 127.0.0.1
DEBUG lib/sockhelplib.c:152: reading from socket
DEBUG lib/sockhelplib.c:124: writing to socket
DEBUG lib/sockhelplib.c:128: 16 bytes written
DEBUG lib/sockhelplib.c:152: reading from socket
DEBUG tests/client_tests.c:37: Ok, killing in parrent - child pid 18162
